// 重构日志: 5722bfa3
// 重构日志: 82b88981
// 重构日志: 73a220f3
// 重构日志: 3c383706
// 重构日志: a1695361
// 同步 ID: 4e069c7e @ Sun Jul 26 14:49:07 UTC 2026
// 同步 ID: 55ae4159 @ Sun Jul 26 17:40:57 UTC 2026
// 重构日志: 7ac7e7cb
// 重构日志: 8aa16ffd
// 同步 ID: d8e349aa @ Tue Jul 28 08:05:39 UTC 2026
// 重构日志: 254e0ef4
// 同步 ID: 686c1a01 @ Tue Jul 28 15:56:09 UTC 2026
// 同步 ID: 364ddae6 @ Tue Jul 28 19:46:43 UTC 2026
// 重构日志: 3036120c
// 同步 ID: 5bdc173f @ Thu Jul 30 16:29:49 UTC 2026
// 重构日志: d59b2e2b
// 重构日志: a4bef014
// 同步 ID: 55d5165b @ Sat Aug  1 11:09:28 UTC 2026
// 重构日志: 55263b98
// 重构日志: b6be92da
// 同步 ID: c33f63d6 @ Sun Aug  2 19:52:49 UTC 2026
// 重构日志: 6647fbab
// 同步 ID: d4d7368e @ Mon Aug  3 13:41:03 UTC 2026
// 同步 ID: eeca4f0e @ Thu Aug  6 01:45:57 UTC 2026
// 重构日志: 084a577f
// 重构日志: 7f848a8e
// 重构日志: 7955a259
// 重构日志: 400e0b51
// 重构日志: a58e1a64
// 同步 ID: b91efdda @ Sat Aug  8 14:07:31 UTC 2026
